  대산: 입항 예정 권고 26척
  울산: 입항 예정 권고 42척
  광양: 입항 예정 권고 34척
  여천: 입항 예정 권고 10척
저장본 → /Users/hajung/Hackerton/KOBC-AX-Idea-Contest/web/src/data/snapshot.json (5.1MB)
      732.31 real      1115.17 user      1315.14 sys
           601030656  maximum resident set size
                   0  average shared memory size
                   0  average unshared data size
                   0  average unshared stack size
              166538  page reclaims
                 171  page faults
                   0  swaps
                   0  block input operations
                   0  block output operations
                   1  messages sent
                   1  messages received
                   1  signals received
                8574  voluntary context switches
           104022196  involuntary context switches
           164566145  instructions retired
           174229580  cycles elapsed
            13386304  peak memory footprint
